
==================================================
START bcast1_depth0: Sun Aug 30 12:23:09 CST 2026
BCAST=1 DEPTH=0
==================================================
----- CONFIG -----
18432        Ns
1            # of NBs
192          NBs
2            Ps
2            Qs
4            NBMINs (>= 1)
1            BCASTs (0=1rg,1=1rM,2=2rg,3=2rM,4=Lng,5=LnM)
0            DEPTHs (>=0)
----- MEMORY BEFORE -----
               total        used        free      shared  buff/cache   available
Mem:           7.7Gi       787Mi       6.9Gi       3.6Mi       173Mi       6.9Gi
Swap:          2.0Gi          0B       2.0Gi
----- RESULT -----
WR01C2R4       18432   192     2     2              69.29             6.0255e+01
||Ax-b||_oo/(eps*(||A||_oo*||x||_oo+||b||_oo)*N)=   2.20938038e-03 ...... PASSED
END bcast1_depth0: Sun Aug 30 12:24:26 CST 2026

==================================================
START bcast3_depth1: Sun Aug 30 12:26:26 CST 2026
BCAST=3 DEPTH=1
==================================================
----- CONFIG -----
18432        Ns
1            # of NBs
192          NBs
2            Ps
2            Qs
4            NBMINs (>= 1)
3            BCASTs (0=1rg,1=1rM,2=2rg,3=2rM,4=Lng,5=LnM)
1            DEPTHs (>=0)
----- MEMORY BEFORE -----
               total        used        free      shared  buff/cache   available
Mem:           7.7Gi       792Mi       6.8Gi       3.6Mi       230Mi       6.9Gi
Swap:          2.0Gi          0B       2.0Gi
----- RESULT -----
WR13C2R4       18432   192     2     2              62.31             6.7005e+01
||Ax-b||_oo/(eps*(||A||_oo*||x||_oo+||b||_oo)*N)=   2.20938038e-03 ...... PASSED
END bcast3_depth1: Sun Aug 30 12:27:36 CST 2026

==================================================
START bcast1_depth1: Sun Aug 30 12:29:36 CST 2026
BCAST=1 DEPTH=1
==================================================
----- CONFIG -----
18432        Ns
1            # of NBs
192          NBs
2            Ps
2            Qs
4            NBMINs (>= 1)
1            BCASTs (0=1rg,1=1rM,2=2rg,3=2rM,4=Lng,5=LnM)
1            DEPTHs (>=0)
----- MEMORY BEFORE -----
               total        used        free      shared  buff/cache   available
Mem:           7.7Gi       790Mi       6.8Gi       3.6Mi       231Mi       6.9Gi
Swap:          2.0Gi          0B       2.0Gi
----- RESULT -----
WR11C2R4       18432   192     2     2              64.46             6.4775e+01
||Ax-b||_oo/(eps*(||A||_oo*||x||_oo+||b||_oo)*N)=   2.20938038e-03 ...... PASSED
END bcast1_depth1: Sun Aug 30 12:30:48 CST 2026

==================================================
START bcast3_depth0: Sun Aug 30 12:32:48 CST 2026
BCAST=3 DEPTH=0
==================================================
----- CONFIG -----
18432        Ns
1            # of NBs
192          NBs
2            Ps
2            Qs
4            NBMINs (>= 1)
3            BCASTs (0=1rg,1=1rM,2=2rg,3=2rM,4=Lng,5=LnM)
0            DEPTHs (>=0)
----- MEMORY BEFORE -----
               total        used        free      shared  buff/cache   available
Mem:           7.7Gi       795Mi       6.8Gi       3.6Mi       263Mi       6.9Gi
Swap:          2.0Gi          0B       2.0Gi
----- RESULT -----
WR03C2R4       18432   192     2     2              74.90             5.5743e+01
||Ax-b||_oo/(eps*(||A||_oo*||x||_oo+||b||_oo)*N)=   2.20938038e-03 ...... PASSED
END bcast3_depth0: Sun Aug 30 12:34:10 CST 2026

==================================================
BCAST × DEPTH SWEEP COMPLETE
==================================================
experiment,bcast,depth,N,NB,P,Q,np,time_s,gflops,status
bcast1_depth0,1,0,18432,192,2,2,4,69.29,6.0255e+01,PASSED
bcast3_depth1,3,1,18432,192,2,2,4,62.31,6.7005e+01,PASSED
bcast1_depth1,1,1,18432,192,2,2,4,64.46,6.4775e+01,PASSED
bcast3_depth0,3,0,18432,192,2,2,4,74.90,5.5743e+01,PASSED
